=== SPREAD MONITOR ===
Monitoring 1 pair(s)
Press Ctrl+C to stop

timestamp,pair,spread,hi_pool,tickA,tickB,ageA,ageB
# Fetching initial pool states...
2026-04-15T00:17:52.083Z,SOL/USDC,0.01133%,hi=ts=4,tickA=-24795,tickB=-24796,ageA=0.0s,ageB=0.0s
2026-04-15T00:17:55.163Z,SOL/USDC,0.00934%,hi=ts=4,tickA=-24795,tickB=-24796,ageA=0.0s,ageB=3.1s
2026-04-15T00:17:55.337Z,SOL/USDC,0.00731%,hi=ts=4,tickA=-24795,tickB=-24796,ageA=0.0s,ageB=3.3s
2026-04-15T00:17:55.339Z,SOL/USDC,0.00577%,hi=ts=4,tickA=-24796,tickB=-24796,ageA=0.0s,ageB=3.3s
2026-04-15T00:17:55.435Z,SOL/USDC,0.00195%,hi=ts=4,tickA=-24796,tickB=-24796,ageA=0.0s,ageB=3.4s
2026-04-15T00:17:55.851Z,SOL/USDC,0.01238%,hi=ts=8,tickA=-24797,tickB=-24796,ageA=0.0s,ageB=3.8s
2026-04-15T00:17:55.852Z,SOL/USDC,0.01245%,hi=ts=8,tickA=-24797,tickB=-24796,ageA=0.0s,ageB=3.8s
2026-04-15T00:18:01.131Z,SOL/USDC,0.01241%,hi=ts=8,tickA=-24797,tickB=-24796,ageA=0.0s,ageB=9.0s
2026-04-15T00:18:01.615Z,SOL/USDC,0.01284%,hi=ts=8,tickA=-24797,tickB=-24796,ageA=0.0s,ageB=9.5s
2026-04-15T00:18:01.837Z,SOL/USDC,0.01301%,hi=ts=8,tickA=-24798,tickB=-24796,ageA=0.0s,ageB=9.8s
2026-04-15T00:18:02.341Z,SOL/USDC,0.01834%,hi=ts=8,tickA=-24798,tickB=-24796,ageA=0.0s,ageB=10.3s
2026-04-15T00:18:02.347Z,SOL/USDC,0.01859%,hi=ts=8,tickA=-24798,tickB=-24796,ageA=0.0s,ageB=10.3s
2026-04-15T00:18:02.372Z,SOL/USDC,0.01883%,hi=ts=8,tickA=-24798,tickB=-24796,ageA=0.0s,ageB=10.3s
2026-04-15T00:18:02.398Z,SOL/USDC,0.03686%,hi=ts=8,tickA=-24800,tickB=-24796,ageA=0.0s,ageB=10.3s
2026-04-15T00:18:02.716Z,SOL/USDC,0.03878%,hi=ts=8,tickA=-24800,tickB=-24796,ageA=0.0s,ageB=10.6s
2026-04-15T00:18:02.733Z,SOL/USDC,0.04045%,hi=ts=8,tickA=-24800,tickB=-24796,ageA=0.0s,ageB=10.7s
2026-04-15T00:18:02.758Z,SOL/USDC,0.04069%,hi=ts=8,tickA=-24800,tickB=-24796,ageA=0.0s,ageB=10.7s
2026-04-15T00:18:02.782Z,SOL/USDC,0.04492%,hi=ts=8,tickA=-24801,tickB=-24796,ageA=0.0s,ageB=10.7s
2026-04-15T00:18:02.829Z,SOL/USDC,0.01750%,hi=ts=8,tickA=-24801,tickB=-24799,ageA=0.0s,ageB=0.0s
2026-04-15T00:18:03.256Z,SOL/USDC,0.01774%,hi=ts=8,tickA=-24801,tickB=-24799,ageA=0.0s,ageB=0.4s
2026-04-15T00:18:03.257Z,SOL/USDC,0.02059%,hi=ts=8,tickA=-24801,tickB=-24799,ageA=0.0s,ageB=0.4s
2026-04-15T00:18:03.303Z,SOL/USDC,0.02286%,hi=ts=8,tickA=-24801,tickB=-24799,ageA=0.0s,ageB=0.5s
2026-04-15T00:18:03.328Z,SOL/USDC,0.02801%,hi=ts=8,tickA=-24802,tickB=-24799,ageA=0.0s,ageB=0.5s
2026-04-15T00:18:03.537Z,SOL/USDC,0.02969%,hi=ts=8,tickA=-24802,tickB=-24799,ageA=0.0s,ageB=0.7s
2026-04-15T00:18:03.552Z,SOL/USDC,0.00971%,hi=ts=8,tickA=-24802,tickB=-24801,ageA=0.0s,ageB=0.0s
2026-04-15T00:18:03.859Z,SOL/USDC,0.01185%,hi=ts=8,tickA=-24802,tickB=-24801,ageA=0.0s,ageB=0.3s
2026-04-15T00:18:03.888Z,SOL/USDC,0.01526%,hi=ts=8,tickA=-24802,tickB=-24801,ageA=0.0s,ageB=0.3s
2026-04-15T00:18:03.949Z,SOL/USDC,0.01808%,hi=ts=8,tickA=-24803,tickB=-24801,ageA=0.0s,ageB=0.4s
2026-04-15T00:18:04.108Z,SOL/USDC,0.01815%,hi=ts=8,tickA=-24803,tickB=-24801,ageA=0.0s,ageB=0.6s
2026-04-15T00:18:04.172Z,SOL/USDC,0.01822%,hi=ts=8,tickA=-24803,tickB=-24801,ageA=0.0s,ageB=0.6s
2026-04-15T00:18:04.173Z,SOL/USDC,0.01829%,hi=ts=8,tickA=-24803,tickB=-24801,ageA=0.0s,ageB=0.6s
2026-04-15T00:18:04.173Z,SOL/USDC,0.01865%,hi=ts=8,tickA=-24803,tickB=-24801,ageA=0.0s,ageB=0.6s
2026-04-15T00:18:04.173Z,SOL/USDC,0.01900%,hi=ts=8,tickA=-24803,tickB=-24801,ageA=0.0s,ageB=0.6s
2026-04-15T00:18:11.323Z,SOL/USDC,0.03061%,hi=ts=8,tickA=-24804,tickB=-24801,ageA=0.0s,ageB=7.8s
2026-04-15T00:18:11.323Z,SOL/USDC,0.03085%,hi=ts=8,tickA=-24804,tickB=-24801,ageA=0.0s,ageB=7.8s
2026-04-15T00:18:11.332Z,SOL/USDC,0.03152%,hi=ts=8,tickA=-24804,tickB=-24801,ageA=0.0s,ageB=7.8s
2026-04-15T00:18:11.333Z,SOL/USDC,0.03176%,hi=ts=8,tickA=-24804,tickB=-24801,ageA=0.0s,ageB=7.8s
2026-04-15T00:18:11.333Z,SOL/USDC,0.03201%,hi=ts=8,tickA=-24804,tickB=-24801,ageA=0.0s,ageB=7.8s
2026-04-15T00:18:11.334Z,SOL/USDC,0.03567%,hi=ts=8,tickA=-24805,tickB=-24801,ageA=0.0s,ageB=7.8s
2026-04-15T00:18:11.334Z,SOL/USDC,0.03592%,hi=ts=8,tickA=-24805,tickB=-24801,ageA=0.0s,ageB=7.8s
2026-04-15T00:18:11.335Z,SOL/USDC,0.06668%,hi=ts=8,tickA=-24808,tickB=-24801,ageA=0.0s,ageB=7.8s
2026-04-15T00:18:12.408Z,SOL/USDC,0.02946%,hi=ts=8,tickA=-24808,tickB=-24805,ageA=1.1s,ageB=0.0s
2026-04-15T00:18:14.806Z,SOL/USDC,0.01538%,hi=ts=8,tickA=-24808,tickB=-24806,ageA=3.5s,ageB=0.0s
2026-04-15T00:18:14.937Z,SOL/USDC,0.01574%,hi=ts=8,tickA=-24808,tickB=-24806,ageA=0.0s,ageB=0.1s
2026-04-15T00:18:20.548Z,SOL/USDC,0.03653%,hi=ts=8,tickA=-24810,tickB=-24806,ageA=0.0s,ageB=5.7s
2026-04-15T00:18:20.553Z,SOL/USDC,0.03678%,hi=ts=8,tickA=-24810,tickB=-24806,ageA=0.0s,ageB=5.7s
2026-04-15T00:18:21.279Z,SOL/USDC,0.03676%,hi=ts=8,tickA=-24810,tickB=-24806,ageA=0.0s,ageB=6.5s
2026-04-15T00:18:25.752Z,SOL/USDC,0.03676%,hi=ts=8,tickA=-24810,tickB=-24806,ageA=0.0s,ageB=10.9s
# --- 2026-04-15T00:18:52.105Z | updates: 47 | pools tracked: 2 ---
2026-04-15T00:18:57.986Z,SOL/USDC,0.04226%,hi=ts=8,tickA=-24810,tickB=-24806,ageA=0.0s,ageB=43.2s
2026-04-15T00:18:58.032Z,SOL/USDC,0.04472%,hi=ts=8,tickA=-24811,tickB=-24806,ageA=0.0s,ageB=43.2s
2026-04-15T00:18:58.150Z,SOL/USDC,0.03473%,hi=ts=8,tickA=-24811,tickB=-24807,ageA=0.1s,ageB=0.0s
2026-04-15T00:18:58.895Z,SOL/USDC,0.01050%,hi=ts=8,tickA=-24811,tickB=-24809,ageA=0.9s,ageB=0.0s
2026-04-15T00:18:59.299Z,SOL/USDC,0.00547%,hi=ts=4,tickA=-24811,tickB=-24811,ageA=1.3s,ageB=0.0s
2026-04-15T00:19:06.858Z,SOL/USDC,0.00152%,hi=ts=4,tickA=-24811,tickB=-24811,ageA=0.0s,ageB=7.6s
2026-04-15T00:19:07.020Z,SOL/USDC,0.00232%,hi=ts=8,tickA=-24811,tickB=-24811,ageA=0.0s,ageB=7.7s
2026-04-15T00:19:07.137Z,SOL/USDC,0.00345%,hi=ts=8,tickA=-24811,tickB=-24811,ageA=0.0s,ageB=7.8s
2026-04-15T00:19:07.143Z,SOL/USDC,0.00407%,hi=ts=8,tickA=-24811,tickB=-24811,ageA=0.0s,ageB=7.8s
2026-04-15T00:19:07.186Z,SOL/USDC,0.00976%,hi=ts=8,tickA=-24812,tickB=-24811,ageA=0.0s,ageB=7.9s
2026-04-15T00:19:13.137Z,SOL/USDC,0.00976%,hi=ts=8,tickA=-24812,tickB=-24811,ageA=0.0s,ageB=13.8s
2026-04-15T00:19:24.575Z,SOL/USDC,0.00975%,hi=ts=8,tickA=-24812,tickB=-24811,ageA=0.0s,ageB=25.3s
2026-04-15T00:19:29.494Z,SOL/USDC,0.01298%,hi=ts=8,tickA=-24812,tickB=-24811,ageA=0.0s,ageB=30.2s
# --- 2026-04-15T00:19:52.105Z | updates: 60 | pools tracked: 2 ---
2026-04-15T00:20:25.081Z,SOL/USDC,0.01298%,hi=ts=8,tickA=-24812,tickB=-24811,ageA=0.0s,ageB=85.8s
2026-04-15T00:20:35.336Z,SOL/USDC,0.02338%,hi=ts=8,tickA=-24813,tickB=-24811,ageA=0.0s,ageB=96.0s
2026-04-15T00:20:36.728Z,SOL/USDC,0.02338%,hi=ts=8,tickA=-24813,tickB=-24811,ageA=0.0s,ageB=97.4s
2026-04-15T00:20:38.281Z,SOL/USDC,0.02338%,hi=ts=8,tickA=-24813,tickB=-24811,ageA=0.0s,ageB=99.0s
2026-04-15T00:20:40.193Z,SOL/USDC,0.02340%,hi=ts=8,tickA=-24813,tickB=-24811,ageA=0.0s,ageB=100.9s
2026-04-15T00:20:42.863Z,SOL/USDC,0.02340%,hi=ts=8,tickA=-24813,tickB=-24811,ageA=0.0s,ageB=103.6s
2026-04-15T00:20:48.416Z,SOL/USDC,0.02340%,hi=ts=8,tickA=-24813,tickB=-24811,ageA=0.0s,ageB=109.1s
# --- 2026-04-15T00:20:52.105Z | updates: 67 | pools tracked: 2 ---
2026-04-15T00:20:56.551Z,SOL/USDC,0.02640%,hi=ts=8,tickA=-24814,tickB=-24811,ageA=0.0s,ageB=117.3s
2026-04-15T00:20:56.553Z,SOL/USDC,0.02784%,hi=ts=8,tickA=-24814,tickB=-24811,ageA=0.0s,ageB=117.3s
2026-04-15T00:20:56.553Z,SOL/USDC,0.03772%,hi=ts=8,tickA=-24815,tickB=-24811,ageA=0.0s,ageB=117.3s
2026-04-15T00:21:00.774Z,SOL/USDC,0.03772%,hi=ts=8,tickA=-24815,tickB=-24811,ageA=0.0s,ageB=121.5s
2026-04-15T00:21:01.297Z,SOL/USDC,0.02205%,hi=ts=8,tickA=-24815,tickB=-24813,ageA=0.5s,ageB=0.0s
2026-04-15T00:21:02.583Z,SOL/USDC,0.02208%,hi=ts=8,tickA=-24815,tickB=-24813,ageA=0.0s,ageB=1.3s
2026-04-15T00:21:17.773Z,SOL/USDC,0.02205%,hi=ts=8,tickA=-24815,tickB=-24813,ageA=0.0s,ageB=16.5s
2026-04-15T00:21:26.600Z,SOL/USDC,0.02185%,hi=ts=8,tickA=-24815,tickB=-24813,ageA=0.0s,ageB=25.3s
2026-04-15T00:21:26.627Z,SOL/USDC,0.01962%,hi=ts=8,tickA=-24815,tickB=-24813,ageA=0.0s,ageB=25.3s
2026-04-15T00:21:26.644Z,SOL/USDC,0.01943%,hi=ts=8,tickA=-24815,tickB=-24813,ageA=0.0s,ageB=25.3s
2026-04-15T00:21:26.960Z,SOL/USDC,0.01592%,hi=ts=8,tickA=-24814,tickB=-24813,ageA=0.0s,ageB=25.7s
2026-04-15T00:21:27.449Z,SOL/USDC,0.01446%,hi=ts=8,tickA=-24814,tickB=-24813,ageA=0.0s,ageB=26.2s
2026-04-15T00:21:27.470Z,SOL/USDC,0.01267%,hi=ts=8,tickA=-24814,tickB=-24813,ageA=0.0s,ageB=26.2s
2026-04-15T00:21:27.856Z,SOL/USDC,0.01247%,hi=ts=8,tickA=-24814,tickB=-24813,ageA=0.0s,ageB=26.6s
2026-04-15T00:21:31.766Z,SOL/USDC,0.17816%,hi=ts=4,tickA=-24795,tickB=-24813,ageA=0.0s,ageB=30.5s
2026-04-15T00:21:31.867Z,SOL/USDC,0.18203%,hi=ts=4,tickA=-24794,tickB=-24813,ageA=0.0s,ageB=30.6s
2026-04-15T00:21:31.882Z,SOL/USDC,0.18227%,hi=ts=4,tickA=-24794,tickB=-24813,ageA=0.0s,ageB=30.6s
2026-04-15T00:21:32.071Z,SOL/USDC,0.18613%,hi=ts=4,tickA=-24794,tickB=-24813,ageA=0.0s,ageB=30.8s
2026-04-15T00:21:32.095Z,SOL/USDC,0.18527%,hi=ts=4,tickA=-24794,tickB=-24813,ageA=0.0s,ageB=30.8s
2026-04-15T00:21:32.189Z,SOL/USDC,0.18518%,hi=ts=4,tickA=-24794,tickB=-24813,ageA=0.0s,ageB=30.9s
2026-04-15T00:21:32.191Z,SOL/USDC,0.21305%,hi=ts=4,tickA=-24791,tickB=-24813,ageA=0.0s,ageB=30.9s
2026-04-15T00:21:32.191Z,SOL/USDC,0.21241%,hi=ts=4,tickA=-24791,tickB=-24813,ageA=0.0s,ageB=30.9s
2026-04-15T00:21:32.323Z,SOL/USDC,0.07850%,hi=ts=4,tickA=-24791,tickB=-24799,ageA=0.1s,ageB=0.0s
2026-04-15T00:21:32.418Z,SOL/USDC,0.07850%,hi=ts=4,tickA=-24791,tickB=-24799,ageA=0.0s,ageB=0.1s
2026-04-15T00:21:32.566Z,SOL/USDC,0.07850%,hi=ts=4,tickA=-24791,tickB=-24799,ageA=0.0s,ageB=0.2s
2026-04-15T00:21:32.566Z,SOL/USDC,0.07845%,hi=ts=4,tickA=-24791,tickB=-24799,ageA=0.0s,ageB=0.2s
2026-04-15T00:21:32.567Z,SOL/USDC,0.07844%,hi=ts=4,tickA=-24791,tickB=-24799,ageA=0.0s,ageB=0.2s
2026-04-15T00:21:32.569Z,SOL/USDC,0.07844%,hi=ts=4,tickA=-24791,tickB=-24799,ageA=0.0s,ageB=0.2s
2026-04-15T00:21:32.627Z,SOL/USDC,0.07839%,hi=ts=4,tickA=-24791,tickB=-24799,ageA=0.0s,ageB=0.3s
2026-04-15T00:21:32.657Z,SOL/USDC,0.07838%,hi=ts=4,tickA=-24791,tickB=-24799,ageA=0.0s,ageB=0.3s
2026-04-15T00:21:32.661Z,SOL/USDC,0.07838%,hi=ts=4,tickA=-24791,tickB=-24799,ageA=0.0s,ageB=0.3s
2026-04-15T00:21:32.662Z,SOL/USDC,0.07837%,hi=ts=4,tickA=-24791,tickB=-24799,ageA=0.0s,ageB=0.3s
2026-04-15T00:21:32.796Z,SOL/USDC,0.07837%,hi=ts=4,tickA=-24791,tickB=-24799,ageA=0.0s,ageB=0.5s
2026-04-15T00:21:32.797Z,SOL/USDC,0.07837%,hi=ts=4,tickA=-24791,tickB=-24799,ageA=0.0s,ageB=0.5s
2026-04-15T00:21:32.997Z,SOL/USDC,0.04446%,hi=ts=4,tickA=-24791,tickB=-24796,ageA=0.2s,ageB=0.0s
2026-04-15T00:21:33.046Z,SOL/USDC,0.04444%,hi=ts=4,tickA=-24791,tickB=-24796,ageA=0.0s,ageB=0.0s
2026-04-15T00:21:33.924Z,SOL/USDC,0.04465%,hi=ts=4,tickA=-24791,tickB=-24796,ageA=0.0s,ageB=0.9s
2026-04-15T00:21:33.964Z,SOL/USDC,0.04459%,hi=ts=4,tickA=-24791,tickB=-24796,ageA=0.0s,ageB=1.0s
2026-04-15T00:21:39.439Z,SOL/USDC,0.04464%,hi=ts=4,tickA=-24791,tickB=-24796,ageA=0.0s,ageB=6.4s
2026-04-15T00:21:43.302Z,SOL/USDC,0.01394%,hi=ts=4,tickA=-24791,tickB=-24793,ageA=3.9s,ageB=0.0s
# --- 2026-04-15T00:21:52.106Z | updates: 107 | pools tracked: 2 ---
2026-04-15T00:21:59.133Z,SOL/USDC,0.01394%,hi=ts=4,tickA=-24791,tickB=-24793,ageA=0.0s,ageB=15.8s
2026-04-15T00:21:59.516Z,SOL/USDC,0.01394%,hi=ts=4,tickA=-24791,tickB=-24793,ageA=0.0s,ageB=16.2s
2026-04-15T00:22:00.728Z,SOL/USDC,0.01890%,hi=ts=4,tickA=-24791,tickB=-24793,ageA=0.0s,ageB=17.4s
2026-04-15T00:22:00.730Z,SOL/USDC,0.02037%,hi=ts=4,tickA=-24791,tickB=-24793,ageA=0.0s,ageB=17.4s
2026-04-15T00:22:00.731Z,SOL/USDC,0.03190%,hi=ts=4,tickA=-24790,tickB=-24793,ageA=0.0s,ageB=17.4s
2026-04-15T00:22:00.768Z,SOL/USDC,0.03214%,hi=ts=4,tickA=-24790,tickB=-24793,ageA=0.0s,ageB=17.5s
2026-04-15T00:22:00.774Z,SOL/USDC,0.05547%,hi=ts=4,tickA=-24787,tickB=-24793,ageA=0.0s,ageB=17.5s
2026-04-15T00:22:01.280Z,SOL/USDC,0.03182%,hi=ts=4,tickA=-24787,tickB=-24790,ageA=0.5s,ageB=0.0s
2026-04-15T00:22:01.334Z,SOL/USDC,0.03545%,hi=ts=4,tickA=-24787,tickB=-24790,ageA=0.0s,ageB=0.1s
2026-04-15T00:22:01.338Z,SOL/USDC,0.03563%,hi=ts=4,tickA=-24787,tickB=-24790,ageA=0.0s,ageB=0.1s
2026-04-15T00:22:01.348Z,SOL/USDC,0.03911%,hi=ts=4,tickA=-24787,tickB=-24790,ageA=0.0s,ageB=0.1s
2026-04-15T00:22:01.434Z,SOL/USDC,0.04113%,hi=ts=4,tickA=-24786,tickB=-24790,ageA=0.0s,ageB=0.2s
2026-04-15T00:22:01.535Z,SOL/USDC,0.04172%,hi=ts=4,tickA=-24786,tickB=-24790,ageA=0.0s,ageB=0.3s
2026-04-15T00:22:01.545Z,SOL/USDC,0.00536%,hi=ts=4,tickA=-24786,tickB=-24787,ageA=0.0s,ageB=0.0s
2026-04-15T00:22:01.686Z,SOL/USDC,0.00639%,hi=ts=4,tickA=-24786,tickB=-24787,ageA=0.0s,ageB=0.1s
2026-04-15T00:22:02.209Z,SOL/USDC,0.00692%,hi=ts=4,tickA=-24786,tickB=-24787,ageA=0.0s,ageB=0.7s
2026-04-15T00:22:02.223Z,SOL/USDC,0.00731%,hi=ts=4,tickA=-24786,tickB=-24787,ageA=0.0s,ageB=0.7s
2026-04-15T00:22:02.227Z,SOL/USDC,0.00834%,hi=ts=4,tickA=-24786,tickB=-24787,ageA=0.0s,ageB=0.7s
2026-04-15T00:22:02.391Z,SOL/USDC,0.00853%,hi=ts=4,tickA=-24786,tickB=-24787,ageA=0.0s,ageB=0.8s
2026-04-15T00:22:02.392Z,SOL/USDC,0.00994%,hi=ts=4,tickA=-24786,tickB=-24787,ageA=0.0s,ageB=0.8s
2026-04-15T00:22:02.413Z,SOL/USDC,0.01042%,hi=ts=4,tickA=-24786,tickB=-24787,ageA=0.0s,ageB=0.9s
2026-04-15T00:22:02.426Z,SOL/USDC,0.01202%,hi=ts=4,tickA=-24786,tickB=-24787,ageA=0.0s,ageB=0.9s
2026-04-15T00:22:02.443Z,SOL/USDC,0.01363%,hi=ts=4,tickA=-24785,tickB=-24787,ageA=0.0s,ageB=0.9s
2026-04-15T00:22:02.445Z,SOL/USDC,0.01381%,hi=ts=4,tickA=-24785,tickB=-24787,ageA=0.0s,ageB=0.9s
2026-04-15T00:22:02.473Z,SOL/USDC,0.01434%,hi=ts=4,tickA=-24785,tickB=-24787,ageA=0.0s,ageB=0.9s
2026-04-15T00:22:02.474Z,SOL/USDC,0.01506%,hi=ts=4,tickA=-24785,tickB=-24787,ageA=0.0s,ageB=0.9s
2026-04-15T00:22:02.499Z,SOL/USDC,0.01795%,hi=ts=4,tickA=-24785,tickB=-24787,ageA=0.0s,ageB=1.0s
2026-04-15T00:22:02.877Z,SOL/USDC,0.01801%,hi=ts=4,tickA=-24785,tickB=-24787,ageA=0.0s,ageB=1.3s
2026-04-15T00:22:04.569Z,SOL/USDC,0.01873%,hi=ts=4,tickA=-24785,tickB=-24787,ageA=0.0s,ageB=3.0s
2026-04-15T00:22:04.873Z,SOL/USDC,0.01947%,hi=ts=4,tickA=-24785,tickB=-24787,ageA=0.0s,ageB=3.3s
2026-04-15T00:22:05.533Z,SOL/USDC,0.01965%,hi=ts=4,tickA=-24785,tickB=-24787,ageA=0.0s,ageB=4.0s
2026-04-15T00:22:07.416Z,SOL/USDC,0.02107%,hi=ts=4,tickA=-24785,tickB=-24787,ageA=0.0s,ageB=5.9s
2026-04-15T00:22:07.426Z,SOL/USDC,0.02165%,hi=ts=4,tickA=-24785,tickB=-24787,ageA=0.0s,ageB=5.9s
2026-04-15T00:22:07.494Z,SOL/USDC,0.02172%,hi=ts=4,tickA=-24785,tickB=-24787,ageA=0.0s,ageB=5.9s
2026-04-15T00:22:07.596Z,SOL/USDC,0.02206%,hi=ts=4,tickA=-24785,tickB=-24787,ageA=0.0s,ageB=6.1s
2026-04-15T00:22:07.596Z,SOL/USDC,0.02492%,hi=ts=4,tickA=-24784,tickB=-24787,ageA=0.0s,ageB=6.1s
2026-04-15T00:22:08.109Z,SOL/USDC,0.02577%,hi=ts=4,tickA=-24784,tickB=-24787,ageA=0.0s,ageB=6.6s
2026-04-15T00:22:08.171Z,SOL/USDC,0.01230%,hi=ts=4,tickA=-24784,tickB=-24785,ageA=0.1s,ageB=0.0s
2026-04-15T00:22:08.621Z,SOL/USDC,0.01478%,hi=ts=4,tickA=-24784,tickB=-24785,ageA=0.0s,ageB=0.5s
2026-04-15T00:22:10.118Z,SOL/USDC,0.01693%,hi=ts=4,tickA=-24784,tickB=-24785,ageA=0.0s,ageB=1.9s
2026-04-15T00:22:10.236Z,SOL/USDC,0.01729%,hi=ts=4,tickA=-24784,tickB=-24785,ageA=0.0s,ageB=2.1s
2026-04-15T00:22:10.255Z,SOL/USDC,0.02004%,hi=ts=4,tickA=-24783,tickB=-24785,ageA=0.0s,ageB=2.1s
2026-04-15T00:22:11.431Z,SOL/USDC,0.02069%,hi=ts=4,tickA=-24783,tickB=-24785,ageA=0.0s,ageB=3.3s
2026-04-15T00:22:11.464Z,SOL/USDC,0.02580%,hi=ts=4,tickA=-24783,tickB=-24785,ageA=0.0s,ageB=3.3s
2026-04-15T00:22:11.494Z,SOL/USDC,0.03425%,hi=ts=4,tickA=-24782,tickB=-24785,ageA=0.0s,ageB=3.3s
2026-04-15T00:22:11.533Z,SOL/USDC,0.03960%,hi=ts=4,tickA=-24782,tickB=-24785,ageA=0.0s,ageB=3.4s
2026-04-15T00:22:12.231Z,SOL/USDC,0.02198%,hi=ts=4,tickA=-24782,tickB=-24784,ageA=0.7s,ageB=0.0s
2026-04-15T00:22:12.428Z,SOL/USDC,0.02606%,hi=ts=4,tickA=-24781,tickB=-24784,ageA=0.0s,ageB=0.2s
2026-04-15T00:22:12.436Z,SOL/USDC,0.02833%,hi=ts=4,tickA=-24781,tickB=-24784,ageA=0.0s,ageB=0.2s
2026-04-15T00:22:12.447Z,SOL/USDC,0.03074%,hi=ts=4,tickA=-24781,tickB=-24784,ageA=0.0s,ageB=0.2s
2026-04-15T00:22:12.466Z,SOL/USDC,0.01720%,hi=ts=4,tickA=-24781,tickB=-24782,ageA=0.0s,ageB=0.0s
2026-04-15T00:22:12.546Z,SOL/USDC,0.01786%,hi=ts=4,tickA=-24781,tickB=-24782,ageA=0.0s,ageB=0.1s
2026-04-15T00:22:12.703Z,SOL/USDC,0.01820%,hi=ts=4,tickA=-24781,tickB=-24782,ageA=0.0s,ageB=0.2s
2026-04-15T00:22:12.708Z,SOL/USDC,0.01880%,hi=ts=4,tickA=-24780,tickB=-24782,ageA=0.0s,ageB=0.2s
2026-04-15T00:22:12.910Z,SOL/USDC,0.01932%,hi=ts=4,tickA=-24780,tickB=-24782,ageA=0.0s,ageB=0.4s
2026-04-15T00:22:12.917Z,SOL/USDC,0.02032%,hi=ts=4,tickA=-24780,tickB=-24782,ageA=0.0s,ageB=0.5s
2026-04-15T00:22:13.019Z,SOL/USDC,0.02255%,hi=ts=4,tickA=-24780,tickB=-24782,ageA=0.0s,ageB=0.6s
2026-04-15T00:22:13.020Z,SOL/USDC,0.02357%,hi=ts=4,tickA=-24780,tickB=-24782,ageA=0.0s,ageB=0.6s
2026-04-15T00:22:13.052Z,SOL/USDC,0.02564%,hi=ts=4,tickA=-24780,tickB=-24782,ageA=0.0s,ageB=0.6s
2026-04-15T00:22:13.084Z,SOL/USDC,0.02764%,hi=ts=4,tickA=-24780,tickB=-24782,ageA=0.0s,ageB=0.6s
2026-04-15T00:22:13.620Z,SOL/USDC,0.02771%,hi=ts=4,tickA=-24780,tickB=-24782,ageA=0.0s,ageB=1.2s
2026-04-15T00:22:13.621Z,SOL/USDC,0.02778%,hi=ts=4,tickA=-24780,tickB=-24782,ageA=0.0s,ageB=1.2s
2026-04-15T00:22:13.621Z,SOL/USDC,0.02785%,hi=ts=4,tickA=-24780,tickB=-24782,ageA=0.0s,ageB=1.2s
2026-04-15T00:22:14.336Z,SOL/USDC,0.02791%,hi=ts=4,tickA=-24780,tickB=-24782,ageA=0.0s,ageB=1.9s
2026-04-15T00:22:15.093Z,SOL/USDC,0.01295%,hi=ts=4,tickA=-24780,tickB=-24781,ageA=0.8s,ageB=0.0s
2026-04-15T00:22:15.394Z,SOL/USDC,0.01301%,hi=ts=4,tickA=-24780,tickB=-24781,ageA=0.0s,ageB=0.3s
2026-04-15T00:22:15.412Z,SOL/USDC,0.01654%,hi=ts=4,tickA=-24779,tickB=-24781,ageA=0.0s,ageB=0.3s
2026-04-15T00:22:15.413Z,SOL/USDC,0.01725%,hi=ts=4,tickA=-24779,tickB=-24781,ageA=0.0s,ageB=0.3s
2026-04-15T00:22:15.429Z,SOL/USDC,0.01760%,hi=ts=4,tickA=-24779,tickB=-24781,ageA=0.0s,ageB=0.3s
2026-04-15T00:22:15.446Z,SOL/USDC,0.01949%,hi=ts=4,tickA=-24779,tickB=-24781,ageA=0.0s,ageB=0.4s
2026-04-15T00:22:15.600Z,SOL/USDC,0.02319%,hi=ts=4,tickA=-24779,tickB=-24781,ageA=0.0s,ageB=0.5s
2026-04-15T00:22:16.244Z,SOL/USDC,0.02319%,hi=ts=4,tickA=-24779,tickB=-24781,ageA=0.0s,ageB=1.2s
2026-04-15T00:22:16.299Z,SOL/USDC,0.02317%,hi=ts=4,tickA=-24779,tickB=-24781,ageA=0.0s,ageB=1.2s
2026-04-15T00:22:18.790Z,SOL/USDC,0.02388%,hi=ts=4,tickA=-24778,tickB=-24781,ageA=0.0s,ageB=3.7s
2026-04-15T00:22:21.891Z,SOL/USDC,0.02203%,hi=ts=4,tickA=-24778,tickB=-24781,ageA=3.1s,ageB=0.0s
2026-04-15T00:22:25.877Z,SOL/USDC,0.02273%,hi=ts=4,tickA=-24778,tickB=-24781,ageA=0.0s,ageB=4.0s
2026-04-15T00:22:27.846Z,SOL/USDC,0.02011%,hi=ts=4,tickA=-24778,tickB=-24780,ageA=2.0s,ageB=0.0s
2026-04-15T00:22:29.952Z,SOL/USDC,0.01851%,hi=ts=4,tickA=-24778,tickB=-24780,ageA=4.1s,ageB=0.0s
2026-04-15T00:22:32.870Z,SOL/USDC,0.01852%,hi=ts=4,tickA=-24778,tickB=-24780,ageA=0.0s,ageB=2.9s
2026-04-15T00:22:34.004Z,SOL/USDC,0.01859%,hi=ts=4,tickA=-24778,tickB=-24780,ageA=0.0s,ageB=4.1s
2026-04-15T00:22:34.158Z,SOL/USDC,0.01929%,hi=ts=4,tickA=-24778,tickB=-24780,ageA=0.0s,ageB=4.2s
2026-04-15T00:22:34.433Z,SOL/USDC,0.02000%,hi=ts=4,tickA=-24778,tickB=-24780,ageA=0.0s,ageB=4.5s
2026-04-15T00:22:34.769Z,SOL/USDC,0.01821%,hi=ts=4,tickA=-24778,tickB=-24780,ageA=0.3s,ageB=0.0s
2026-04-15T00:22:34.770Z,SOL/USDC,0.01821%,hi=ts=4,tickA=-24778,tickB=-24780,ageA=0.0s,ageB=0.0s
2026-04-15T00:22:34.879Z,SOL/USDC,0.01828%,hi=ts=4,tickA=-24778,tickB=-24780,ageA=0.0s,ageB=0.1s
2026-04-15T00:22:34.880Z,SOL/USDC,0.01835%,hi=ts=4,tickA=-24778,tickB=-24780,ageA=0.0s,ageB=0.1s
2026-04-15T00:22:34.890Z,SOL/USDC,0.01270%,hi=ts=4,tickA=-24778,tickB=-24780,ageA=0.0s,ageB=0.0s
2026-04-15T00:22:35.349Z,SOL/USDC,0.01277%,hi=ts=4,tickA=-24778,tickB=-24780,ageA=0.0s,ageB=0.5s
2026-04-15T00:22:35.492Z,SOL/USDC,0.01276%,hi=ts=4,tickA=-24778,tickB=-24780,ageA=0.0s,ageB=0.6s
2026-04-15T00:22:35.495Z,SOL/USDC,0.01276%,hi=ts=4,tickA=-24778,tickB=-24780,ageA=0.0s,ageB=0.6s
2026-04-15T00:22:35.585Z,SOL/USDC,0.01276%,hi=ts=4,tickA=-24778,tickB=-24780,ageA=0.0s,ageB=0.7s
2026-04-15T00:22:41.436Z,SOL/USDC,0.01823%,hi=ts=4,tickA=-24778,tickB=-24780,ageA=0.0s,ageB=6.5s
2026-04-15T00:22:41.473Z,SOL/USDC,0.02416%,hi=ts=4,tickA=-24777,tickB=-24780,ageA=0.0s,ageB=6.6s
2026-04-15T00:22:41.779Z,SOL/USDC,0.02640%,hi=ts=4,tickA=-24777,tickB=-24780,ageA=0.0s,ageB=6.9s
2026-04-15T00:22:42.084Z,SOL/USDC,0.02647%,hi=ts=4,tickA=-24777,tickB=-24780,ageA=0.0s,ageB=7.2s
2026-04-15T00:22:42.797Z,SOL/USDC,0.01558%,hi=ts=4,tickA=-24777,tickB=-24778,ageA=0.7s,ageB=0.0s
2026-04-15T00:22:45.857Z,SOL/USDC,0.01579%,hi=ts=4,tickA=-24777,tickB=-24778,ageA=0.0s,ageB=3.1s
2026-04-15T00:22:45.946Z,SOL/USDC,0.01614%,hi=ts=4,tickA=-24777,tickB=-24778,ageA=0.0s,ageB=3.1s
2026-04-15T00:22:45.947Z,SOL/USDC,0.01650%,hi=ts=4,tickA=-24777,tickB=-24778,ageA=0.0s,ageB=3.1s
2026-04-15T00:22:46.048Z,SOL/USDC,0.01673%,hi=ts=4,tickA=-24777,tickB=-24778,ageA=0.0s,ageB=3.3s
2026-04-15T00:22:46.096Z,SOL/USDC,0.01696%,hi=ts=4,tickA=-24777,tickB=-24778,ageA=0.0s,ageB=3.3s
2026-04-15T00:22:48.045Z,SOL/USDC,0.01896%,hi=ts=4,tickA=-24777,tickB=-24778,ageA=0.0s,ageB=5.2s
2026-04-15T00:22:48.136Z,SOL/USDC,0.02096%,hi=ts=4,tickA=-24776,tickB=-24778,ageA=0.0s,ageB=5.3s
2026-04-15T00:22:48.270Z,SOL/USDC,0.02202%,hi=ts=4,tickA=-24776,tickB=-24778,ageA=0.0s,ageB=5.5s
2026-04-15T00:22:48.307Z,SOL/USDC,0.02247%,hi=ts=4,tickA=-24776,tickB=-24778,ageA=0.0s,ageB=5.5s
2026-04-15T00:22:48.307Z,SOL/USDC,0.02618%,hi=ts=4,tickA=-24776,tickB=-24778,ageA=0.0s,ageB=5.5s
2026-04-15T00:22:48.343Z,SOL/USDC,0.02688%,hi=ts=4,tickA=-24776,tickB=-24778,ageA=0.0s,ageB=5.5s
2026-04-15T00:22:48.365Z,SOL/USDC,0.02752%,hi=ts=4,tickA=-24776,tickB=-24778,ageA=0.0s,ageB=5.6s
2026-04-15T00:22:48.407Z,SOL/USDC,0.02964%,hi=ts=4,tickA=-24775,tickB=-24778,ageA=0.0s,ageB=5.6s
2026-04-15T00:22:48.614Z,SOL/USDC,0.01766%,hi=ts=4,tickA=-24775,tickB=-24777,ageA=0.2s,ageB=0.0s
2026-04-15T00:22:49.032Z,SOL/USDC,0.01950%,hi=ts=4,tickA=-24775,tickB=-24777,ageA=0.0s,ageB=0.4s
2026-04-15T00:22:49.160Z,SOL/USDC,0.02009%,hi=ts=4,tickA=-24775,tickB=-24777,ageA=0.0s,ageB=0.5s
2026-04-15T00:22:49.345Z,SOL/USDC,0.02231%,hi=ts=4,tickA=-24775,tickB=-24777,ageA=0.0s,ageB=0.7s
2026-04-15T00:22:49.508Z,SOL/USDC,0.02266%,hi=ts=4,tickA=-24775,tickB=-24777,ageA=0.0s,ageB=0.9s
2026-04-15T00:22:49.910Z,SOL/USDC,0.01021%,hi=ts=4,tickA=-24775,tickB=-24776,ageA=0.4s,ageB=0.0s
2026-04-15T00:22:49.957Z,SOL/USDC,0.01944%,hi=ts=4,tickA=-24774,tickB=-24776,ageA=0.0s,ageB=0.0s
2026-04-15T00:22:50.054Z,SOL/USDC,0.03603%,hi=ts=4,tickA=-24772,tickB=-24776,ageA=0.0s,ageB=0.1s
2026-04-15T00:22:50.239Z,SOL/USDC,0.03667%,hi=ts=4,tickA=-24772,tickB=-24776,ageA=0.0s,ageB=0.3s
2026-04-15T00:22:50.257Z,SOL/USDC,0.03691%,hi=ts=4,tickA=-24772,tickB=-24776,ageA=0.0s,ageB=0.3s
2026-04-15T00:22:50.379Z,SOL/USDC,0.02078%,hi=ts=4,tickA=-24772,tickB=-24774,ageA=0.1s,ageB=0.0s
# --- 2026-04-15T00:22:52.106Z | updates: 227 | pools tracked: 2 ---
2026-04-15T00:22:52.881Z,SOL/USDC,0.02480%,hi=ts=4,tickA=-24772,tickB=-24774,ageA=0.0s,ageB=2.5s
2026-04-15T00:22:53.298Z,SOL/USDC,0.03404%,hi=ts=4,tickA=-24771,tickB=-24774,ageA=0.0s,ageB=2.9s
2026-04-15T00:22:53.303Z,SOL/USDC,0.02274%,hi=ts=4,tickA=-24771,tickB=-24773,ageA=0.0s,ageB=0.0s
2026-04-15T00:22:53.672Z,SOL/USDC,0.02487%,hi=ts=4,tickA=-24771,tickB=-24773,ageA=0.0s,ageB=0.4s
2026-04-15T00:22:54.894Z,SOL/USDC,0.04050%,hi=ts=4,tickA=-24769,tickB=-24773,ageA=0.0s,ageB=1.6s
2026-04-15T00:22:56.105Z,SOL/USDC,0.03091%,hi=ts=4,tickA=-24769,tickB=-24772,ageA=1.2s,ageB=0.0s
2026-04-15T00:22:56.233Z,SOL/USDC,0.00987%,hi=ts=8,tickA=-24769,tickB=-24768,ageA=1.3s,ageB=0.0s
2026-04-15T00:22:56.846Z,SOL/USDC,0.00951%,hi=ts=8,tickA=-24769,tickB=-24768,ageA=0.0s,ageB=0.6s
2026-04-15T00:22:56.860Z,SOL/USDC,0.00881%,hi=ts=8,tickA=-24769,tickB=-24768,ageA=0.0s,ageB=0.6s
2026-04-15T00:22:57.686Z,SOL/USDC,0.00879%,hi=ts=8,tickA=-24769,tickB=-24768,ageA=0.0s,ageB=1.5s
2026-04-15T00:23:08.883Z,SOL/USDC,0.01581%,hi=ts=8,tickA=-24770,tickB=-24768,ageA=0.0s,ageB=12.7s
2026-04-15T00:23:09.011Z,SOL/USDC,0.01652%,hi=ts=8,tickA=-24770,tickB=-24768,ageA=0.0s,ageB=12.8s
2026-04-15T00:23:09.656Z,SOL/USDC,0.02070%,hi=ts=8,tickA=-24770,tickB=-24768,ageA=0.0s,ageB=13.4s
2026-04-15T00:23:10.093Z,SOL/USDC,0.02077%,hi=ts=8,tickA=-24770,tickB=-24768,ageA=0.0s,ageB=13.9s
2026-04-15T00:23:10.911Z,SOL/USDC,0.02115%,hi=ts=8,tickA=-24770,tickB=-24768,ageA=0.0s,ageB=14.7s
2026-04-15T00:23:10.938Z,SOL/USDC,0.02233%,hi=ts=8,tickA=-24770,tickB=-24768,ageA=0.0s,ageB=14.7s
2026-04-15T00:23:12.622Z,SOL/USDC,0.02233%,hi=ts=8,tickA=-24770,tickB=-24768,ageA=0.0s,ageB=16.4s
2026-04-15T00:23:16.316Z,SOL/USDC,0.01063%,hi=ts=8,tickA=-24770,tickB=-24769,ageA=3.7s,ageB=0.0s
2026-04-15T00:23:18.231Z,SOL/USDC,0.01982%,hi=ts=8,tickA=-24771,tickB=-24769,ageA=0.0s,ageB=1.9s
2026-04-15T00:23:20.525Z,SOL/USDC,0.02358%,hi=ts=8,tickA=-24772,tickB=-24769,ageA=0.0s,ageB=4.2s
2026-04-15T00:23:20.604Z,SOL/USDC,0.03555%,hi=ts=8,tickA=-24773,tickB=-24769,ageA=0.0s,ageB=4.3s
2026-04-15T00:23:20.756Z,SOL/USDC,0.03611%,hi=ts=8,tickA=-24773,tickB=-24769,ageA=0.0s,ageB=4.4s
2026-04-15T00:23:20.810Z,SOL/USDC,0.04670%,hi=ts=8,tickA=-24774,tickB=-24769,ageA=0.0s,ageB=4.5s
2026-04-15T00:23:21.165Z,SOL/USDC,0.04038%,hi=ts=8,tickA=-24774,tickB=-24770,ageA=0.4s,ageB=0.0s
2026-04-15T00:23:21.216Z,SOL/USDC,0.03415%,hi=ts=8,tickA=-24774,tickB=-24771,ageA=0.4s,ageB=0.0s
2026-04-15T00:23:21.291Z,SOL/USDC,0.02586%,hi=ts=8,tickA=-24774,tickB=-24771,ageA=0.5s,ageB=0.0s
2026-04-15T00:23:21.416Z,SOL/USDC,0.01632%,hi=ts=8,tickA=-24774,tickB=-24772,ageA=0.6s,ageB=0.0s
2026-04-15T00:23:22.086Z,SOL/USDC,0.01634%,hi=ts=8,tickA=-24774,tickB=-24772,ageA=0.0s,ageB=0.7s
2026-04-15T00:23:22.086Z,SOL/USDC,0.01868%,hi=ts=8,tickA=-24774,tickB=-24772,ageA=0.0s,ageB=0.7s
2026-04-15T00:23:23.772Z,SOL/USDC,0.02207%,hi=ts=8,tickA=-24775,tickB=-24772,ageA=0.0s,ageB=2.4s
2026-04-15T00:23:23.941Z,SOL/USDC,0.02256%,hi=ts=8,tickA=-24775,tickB=-24772,ageA=0.0s,ageB=2.5s
2026-04-15T00:23:23.942Z,SOL/USDC,0.02359%,hi=ts=8,tickA=-24775,tickB=-24772,ageA=0.0s,ageB=2.5s
2026-04-15T00:23:23.943Z,SOL/USDC,0.02406%,hi=ts=8,tickA=-24775,tickB=-24772,ageA=0.0s,ageB=2.5s
2026-04-15T00:23:24.472Z,SOL/USDC,0.02509%,hi=ts=8,tickA=-24775,tickB=-24772,ageA=0.0s,ageB=3.1s
2026-04-15T00:23:24.727Z,SOL/USDC,0.01210%,hi=ts=8,tickA=-24775,tickB=-24774,ageA=0.3s,ageB=0.0s
2026-04-15T00:23:25.000Z,SOL/USDC,0.01210%,hi=ts=8,tickA=-24775,tickB=-24774,ageA=0.0s,ageB=0.3s
2026-04-15T00:23:25.387Z,SOL/USDC,0.01222%,hi=ts=8,tickA=-24775,tickB=-24774,ageA=0.0s,ageB=0.7s
2026-04-15T00:23:29.251Z,SOL/USDC,0.01357%,hi=ts=8,tickA=-24775,tickB=-24774,ageA=0.0s,ageB=4.5s
2026-04-15T00:23:29.308Z,SOL/USDC,0.01409%,hi=ts=8,tickA=-24775,tickB=-24774,ageA=0.0s,ageB=4.6s
2026-04-15T00:23:29.312Z,SOL/USDC,0.01514%,hi=ts=8,tickA=-24775,tickB=-24774,ageA=0.0s,ageB=4.6s
2026-04-15T00:23:29.348Z,SOL/USDC,0.01584%,hi=ts=8,tickA=-24775,tickB=-24774,ageA=0.0s,ageB=4.6s
2026-04-15T00:23:29.349Z,SOL/USDC,0.01654%,hi=ts=8,tickA=-24775,tickB=-24774,ageA=0.0s,ageB=4.6s
2026-04-15T00:23:29.351Z,SOL/USDC,0.01724%,hi=ts=8,tickA=-24775,tickB=-24774,ageA=0.0s,ageB=4.6s
2026-04-15T00:23:29.646Z,SOL/USDC,0.01793%,hi=ts=8,tickA=-24776,tickB=-24774,ageA=0.0s,ageB=4.9s
2026-04-15T00:23:29.738Z,SOL/USDC,0.01863%,hi=ts=8,tickA=-24776,tickB=-24774,ageA=0.0s,ageB=5.0s
2026-04-15T00:23:31.220Z,SOL/USDC,0.01875%,hi=ts=8,tickA=-24776,tickB=-24774,ageA=0.0s,ageB=6.5s
2026-04-15T00:23:32.389Z,SOL/USDC,0.01946%,hi=ts=8,tickA=-24776,tickB=-24774,ageA=0.0s,ageB=7.7s
2026-04-15T00:23:32.389Z,SOL/USDC,0.02016%,hi=ts=8,tickA=-24776,tickB=-24774,ageA=0.0s,ageB=7.7s
2026-04-15T00:23:32.502Z,SOL/USDC,0.02086%,hi=ts=8,tickA=-24776,tickB=-24774,ageA=0.0s,ageB=7.8s
2026-04-15T00:23:32.509Z,SOL/USDC,0.02093%,hi=ts=8,tickA=-24776,tickB=-24774,ageA=0.0s,ageB=7.8s
2026-04-15T00:23:32.708Z,SOL/USDC,0.01740%,hi=ts=8,tickA=-24776,tickB=-24774,ageA=0.2s,ageB=0.0s
2026-04-15T00:23:32.863Z,SOL/USDC,0.02301%,hi=ts=8,tickA=-24776,tickB=-24774,ageA=0.0s,ageB=0.2s
2026-04-15T00:23:32.865Z,SOL/USDC,0.01720%,hi=ts=8,tickA=-24776,tickB=-24775,ageA=0.0s,ageB=0.0s
2026-04-15T00:23:36.261Z,SOL/USDC,0.01718%,hi=ts=8,tickA=-24776,tickB=-24775,ageA=0.0s,ageB=3.4s
2026-04-15T00:23:48.715Z,SOL/USDC,0.02016%,hi=ts=8,tickA=-24777,tickB=-24775,ageA=0.0s,ageB=15.8s
2026-04-15T00:23:48.794Z,SOL/USDC,0.02254%,hi=ts=8,tickA=-24777,tickB=-24775,ageA=0.0s,ageB=15.9s
2026-04-15T00:23:48.829Z,SOL/USDC,0.02455%,hi=ts=8,tickA=-24777,tickB=-24775,ageA=0.0s,ageB=16.0s
2026-04-15T00:23:48.896Z,SOL/USDC,0.02558%,hi=ts=8,tickA=-24777,tickB=-24775,ageA=0.0s,ageB=16.0s
2026-04-15T00:23:48.896Z,SOL/USDC,0.02661%,hi=ts=8,tickA=-24777,tickB=-24775,ageA=0.0s,ageB=16.0s
2026-04-15T00:23:48.909Z,SOL/USDC,0.02710%,hi=ts=8,tickA=-24777,tickB=-24775,ageA=0.0s,ageB=16.0s
2026-04-15T00:23:49.084Z,SOL/USDC,0.02757%,hi=ts=8,tickA=-24777,tickB=-24775,ageA=0.0s,ageB=16.2s
2026-04-15T00:23:49.132Z,SOL/USDC,0.02803%,hi=ts=8,tickA=-24777,tickB=-24775,ageA=0.0s,ageB=16.3s
2026-04-15T00:23:49.149Z,SOL/USDC,0.02838%,hi=ts=8,tickA=-24777,tickB=-24775,ageA=0.0s,ageB=16.3s
2026-04-15T00:23:49.207Z,SOL/USDC,0.02944%,hi=ts=8,tickA=-24778,tickB=-24775,ageA=0.0s,ageB=16.3s
2026-04-15T00:23:49.254Z,SOL/USDC,0.02979%,hi=ts=8,tickA=-24778,tickB=-24775,ageA=0.0s,ageB=16.4s
2026-04-15T00:23:49.255Z,SOL/USDC,0.03015%,hi=ts=8,tickA=-24778,tickB=-24775,ageA=0.0s,ageB=16.4s
2026-04-15T00:23:49.256Z,SOL/USDC,0.03064%,hi=ts=8,tickA=-24778,tickB=-24775,ageA=0.0s,ageB=16.4s
2026-04-15T00:23:49.316Z,SOL/USDC,0.03128%,hi=ts=8,tickA=-24778,tickB=-24775,ageA=0.0s,ageB=16.5s
2026-04-15T00:23:49.325Z,SOL/USDC,0.03175%,hi=ts=8,tickA=-24778,tickB=-24775,ageA=0.0s,ageB=16.5s
2026-04-15T00:23:49.543Z,SOL/USDC,0.01563%,hi=ts=8,tickA=-24778,tickB=-24776,ageA=0.2s,ageB=0.0s
2026-04-15T00:23:49.992Z,SOL/USDC,0.01634%,hi=ts=8,tickA=-24778,tickB=-24776,ageA=0.0s,ageB=0.4s
2026-04-15T00:23:49.992Z,SOL/USDC,0.01680%,hi=ts=8,tickA=-24778,tickB=-24776,ageA=0.0s,ageB=0.4s
2026-04-15T00:23:50.229Z,SOL/USDC,0.01716%,hi=ts=8,tickA=-24778,tickB=-24776,ageA=0.0s,ageB=0.7s
2026-04-15T00:23:50.238Z,SOL/USDC,0.01751%,hi=ts=8,tickA=-24778,tickB=-24776,ageA=0.0s,ageB=0.7s
2026-04-15T00:23:50.258Z,SOL/USDC,0.01822%,hi=ts=8,tickA=-24778,tickB=-24776,ageA=0.0s,ageB=0.7s
2026-04-15T00:23:50.480Z,SOL/USDC,0.01893%,hi=ts=8,tickA=-24778,tickB=-24776,ageA=0.0s,ageB=0.9s
2026-04-15T00:23:50.614Z,SOL/USDC,0.01930%,hi=ts=8,tickA=-24778,tickB=-24776,ageA=0.0s,ageB=1.1s
2026-04-15T00:23:50.652Z,SOL/USDC,0.01961%,hi=ts=8,tickA=-24778,tickB=-24776,ageA=0.0s,ageB=1.1s
2026-04-15T00:23:51.000Z,SOL/USDC,0.02007%,hi=ts=8,tickA=-24778,tickB=-24776,ageA=0.0s,ageB=1.5s
2026-04-15T00:23:51.002Z,SOL/USDC,0.02054%,hi=ts=8,tickA=-24778,tickB=-24776,ageA=0.0s,ageB=1.5s
2026-04-15T00:23:51.032Z,SOL/USDC,0.02100%,hi=ts=8,tickA=-24778,tickB=-24776,ageA=0.0s,ageB=1.5s
# --- 2026-04-15T00:23:52.107Z | updates: 308 | pools tracked: 2 ---
2026-04-15T00:23:53.068Z,SOL/USDC,0.02135%,hi=ts=8,tickA=-24778,tickB=-24776,ageA=0.0s,ageB=3.5s
2026-04-15T00:23:53.070Z,SOL/USDC,0.02181%,hi=ts=8,tickA=-24778,tickB=-24776,ageA=0.0s,ageB=3.5s
2026-04-15T00:23:53.078Z,SOL/USDC,0.02217%,hi=ts=8,tickA=-24778,tickB=-24776,ageA=0.0s,ageB=3.5s
2026-04-15T00:23:53.189Z,SOL/USDC,0.02221%,hi=ts=8,tickA=-24778,tickB=-24776,ageA=0.0s,ageB=3.6s
2026-04-15T00:23:53.466Z,SOL/USDC,0.02259%,hi=ts=8,tickA=-24779,tickB=-24776,ageA=0.0s,ageB=3.9s
2026-04-15T00:23:53.466Z,SOL/USDC,0.02323%,hi=ts=8,tickA=-24779,tickB=-24776,ageA=0.0s,ageB=3.9s
2026-04-15T00:23:53.527Z,SOL/USDC,0.02818%,hi=ts=8,tickA=-24779,tickB=-24776,ageA=0.0s,ageB=4.0s
2026-04-15T00:23:53.652Z,SOL/USDC,0.02855%,hi=ts=8,tickA=-24779,tickB=-24776,ageA=0.0s,ageB=4.1s
2026-04-15T00:23:53.659Z,SOL/USDC,0.02901%,hi=ts=8,tickA=-24779,tickB=-24776,ageA=0.0s,ageB=4.1s
2026-04-15T00:23:53.789Z,SOL/USDC,0.03054%,hi=ts=8,tickA=-24779,tickB=-24776,ageA=0.0s,ageB=4.2s
2026-04-15T00:23:54.537Z,SOL/USDC,0.03784%,hi=ts=8,tickA=-24780,tickB=-24776,ageA=0.0s,ageB=5.0s
2026-04-15T00:23:54.540Z,SOL/USDC,0.03817%,hi=ts=8,tickA=-24780,tickB=-24776,ageA=0.0s,ageB=5.0s
2026-04-15T00:23:54.796Z,SOL/USDC,0.04192%,hi=ts=8,tickA=-24780,tickB=-24776,ageA=0.0s,ageB=5.3s
2026-04-15T00:23:54.816Z,SOL/USDC,0.04561%,hi=ts=8,tickA=-24781,tickB=-24776,ageA=0.0s,ageB=5.3s
2026-04-15T00:23:54.822Z,SOL/USDC,0.04651%,hi=ts=8,tickA=-24781,tickB=-24776,ageA=0.0s,ageB=5.3s
2026-04-15T00:23:54.872Z,SOL/USDC,0.02267%,hi=ts=8,tickA=-24781,tickB=-24779,ageA=0.1s,ageB=0.0s
2026-04-15T00:23:54.935Z,SOL/USDC,0.02538%,hi=ts=8,tickA=-24781,tickB=-24779,ageA=0.0s,ageB=0.1s
2026-04-15T00:23:54.996Z,SOL/USDC,0.02708%,hi=ts=8,tickA=-24781,tickB=-24779,ageA=0.0s,ageB=0.1s
2026-04-15T00:23:55.698Z,SOL/USDC,0.02774%,hi=ts=8,tickA=-24781,tickB=-24779,ageA=0.0s,ageB=0.8s
2026-04-15T00:23:56.567Z,SOL/USDC,0.01905%,hi=ts=8,tickA=-24781,tickB=-24780,ageA=0.9s,ageB=0.0s
2026-04-15T00:23:58.429Z,SOL/USDC,0.00647%,hi=ts=8,tickA=-24781,tickB=-24781,ageA=2.7s,ageB=0.0s
2026-04-15T00:24:13.628Z,SOL/USDC,0.00647%,hi=ts=8,tickA=-24781,tickB=-24781,ageA=0.0s,ageB=15.2s
2026-04-15T00:24:18.443Z,SOL/USDC,0.00967%,hi=ts=8,tickA=-24782,tickB=-24781,ageA=0.0s,ageB=20.0s
2026-04-15T00:24:18.446Z,SOL/USDC,0.00971%,hi=ts=8,tickA=-24782,tickB=-24781,ageA=0.0s,ageB=20.0s
2026-04-15T00:24:18.650Z,SOL/USDC,0.01042%,hi=ts=8,tickA=-24782,tickB=-24781,ageA=0.0s,ageB=20.2s
2026-04-15T00:24:18.651Z,SOL/USDC,0.01045%,hi=ts=8,tickA=-24782,tickB=-24781,ageA=0.0s,ageB=20.2s
2026-04-15T00:24:18.716Z,SOL/USDC,0.01062%,hi=ts=8,tickA=-24782,tickB=-24781,ageA=0.0s,ageB=20.3s
2026-04-15T00:24:18.716Z,SOL/USDC,0.01084%,hi=ts=8,tickA=-24782,tickB=-24781,ageA=0.0s,ageB=20.3s
2026-04-15T00:24:18.717Z,SOL/USDC,0.01098%,hi=ts=8,tickA=-24782,tickB=-24781,ageA=0.0s,ageB=20.3s
2026-04-15T00:24:18.717Z,SOL/USDC,0.01098%,hi=ts=8,tickA=-24782,tickB=-24781,ageA=0.0s,ageB=20.3s
2026-04-15T00:24:18.746Z,SOL/USDC,0.01128%,hi=ts=8,tickA=-24782,tickB=-24781,ageA=0.0s,ageB=20.3s
2026-04-15T00:24:18.746Z,SOL/USDC,0.01152%,hi=ts=8,tickA=-24782,tickB=-24781,ageA=0.0s,ageB=20.3s
2026-04-15T00:24:18.799Z,SOL/USDC,0.01180%,hi=ts=8,tickA=-24782,tickB=-24781,ageA=0.0s,ageB=20.4s
2026-04-15T00:24:18.800Z,SOL/USDC,0.01213%,hi=ts=8,tickA=-24782,tickB=-24781,ageA=0.0s,ageB=20.4s
2026-04-15T00:24:27.203Z,SOL/USDC,0.01213%,hi=ts=8,tickA=-24782,tickB=-24781,ageA=0.0s,ageB=28.8s
2026-04-15T00:24:27.398Z,SOL/USDC,0.01213%,hi=ts=8,tickA=-24782,tickB=-24781,ageA=0.0s,ageB=29.0s
# --- 2026-04-15T00:24:52.107Z | updates: 344 | pools tracked: 2 ---
2026-04-15T00:24:53.128Z,SOL/USDC,0.01213%,hi=ts=8,tickA=-24782,tickB=-24781,ageA=0.0s,ageB=54.7s
2026-04-15T00:25:12.625Z,SOL/USDC,0.01142%,hi=ts=8,tickA=-24782,tickB=-24781,ageA=0.0s,ageB=74.2s
2026-04-15T00:25:12.627Z,SOL/USDC,0.01070%,hi=ts=8,tickA=-24782,tickB=-24781,ageA=0.0s,ageB=74.2s
2026-04-15T00:25:12.627Z,SOL/USDC,0.00999%,hi=ts=8,tickA=-24782,tickB=-24781,ageA=0.0s,ageB=74.2s
2026-04-15T00:25:12.653Z,SOL/USDC,0.00743%,hi=ts=8,tickA=-24782,tickB=-24781,ageA=0.0s,ageB=74.2s
2026-04-15T00:25:12.703Z,SOL/USDC,0.00735%,hi=ts=8,tickA=-24782,tickB=-24781,ageA=0.0s,ageB=74.3s
2026-04-15T00:25:12.714Z,SOL/USDC,0.00494%,hi=ts=8,tickA=-24781,tickB=-24781,ageA=0.0s,ageB=74.3s
2026-04-15T00:25:12.730Z,SOL/USDC,0.00174%,hi=ts=8,tickA=-24781,tickB=-24781,ageA=0.0s,ageB=74.3s
2026-04-15T00:25:12.768Z,SOL/USDC,0.00325%,hi=ts=4,tickA=-24780,tickB=-24781,ageA=0.0s,ageB=74.3s
2026-04-15T00:25:24.218Z,SOL/USDC,0.00704%,hi=ts=4,tickA=-24780,tickB=-24781,ageA=0.0s,ageB=85.8s
2026-04-15T00:25:24.273Z,SOL/USDC,0.00925%,hi=ts=4,tickA=-24780,tickB=-24781,ageA=0.0s,ageB=85.8s
2026-04-15T00:25:24.275Z,SOL/USDC,0.01207%,hi=ts=4,tickA=-24780,tickB=-24781,ageA=0.0s,ageB=85.8s
2026-04-15T00:25:24.430Z,SOL/USDC,0.01352%,hi=ts=4,tickA=-24779,tickB=-24781,ageA=0.0s,ageB=86.0s
2026-04-15T00:25:24.573Z,SOL/USDC,0.01634%,hi=ts=4,tickA=-24779,tickB=-24781,ageA=0.0s,ageB=86.1s
2026-04-15T00:25:25.045Z,SOL/USDC,0.01775%,hi=ts=4,tickA=-24779,tickB=-24781,ageA=0.0s,ageB=86.6s
2026-04-15T00:25:30.749Z,SOL/USDC,0.01776%,hi=ts=4,tickA=-24779,tickB=-24781,ageA=0.0s,ageB=92.3s
2026-04-15T00:25:35.252Z,SOL/USDC,0.01627%,hi=ts=4,tickA=-24779,tickB=-24781,ageA=0.0s,ageB=96.8s
2026-04-15T00:25:35.393Z,SOL/USDC,0.01465%,hi=ts=4,tickA=-24779,tickB=-24781,ageA=0.0s,ageB=97.0s
2026-04-15T00:25:35.429Z,SOL/USDC,0.01355%,hi=ts=4,tickA=-24779,tickB=-24781,ageA=0.0s,ageB=97.0s
# --- 2026-04-15T00:25:52.108Z | updates: 363 | pools tracked: 2 ---
2026-04-15T00:25:53.089Z,SOL/USDC,0.01312%,hi=ts=4,tickA=-24779,tickB=-24781,ageA=0.0s,ageB=114.7s
2026-04-15T00:25:53.143Z,SOL/USDC,0.01291%,hi=ts=4,tickA=-24779,tickB=-24781,ageA=0.0s,ageB=114.7s
2026-04-15T00:26:23.670Z,SOL/USDC,0.01336%,hi=ts=4,tickA=-24779,tickB=-24781,ageA=0.0s,ageB=145.2s
2026-04-15T00:26:23.801Z,SOL/USDC,0.01479%,hi=ts=4,tickA=-24779,tickB=-24781,ageA=0.0s,ageB=145.4s
2026-04-15T00:26:24.674Z,SOL/USDC,0.01746%,hi=ts=4,tickA=-24779,tickB=-24781,ageA=0.0s,ageB=146.2s
2026-04-15T00:26:24.739Z,SOL/USDC,0.02013%,hi=ts=4,tickA=-24779,tickB=-24781,ageA=0.0s,ageB=146.3s
2026-04-15T00:26:24.740Z,SOL/USDC,0.02280%,hi=ts=4,tickA=-24778,tickB=-24781,ageA=0.0s,ageB=146.3s
2026-04-15T00:26:25.047Z,SOL/USDC,0.02297%,hi=ts=4,tickA=-24778,tickB=-24781,ageA=0.0s,ageB=146.6s
2026-04-15T00:26:26.604Z,SOL/USDC,0.02476%,hi=ts=4,tickA=-24778,tickB=-24781,ageA=0.0s,ageB=148.2s
2026-04-15T00:26:29.301Z,SOL/USDC,0.02576%,hi=ts=4,tickA=-24778,tickB=-24781,ageA=0.0s,ageB=150.9s
2026-04-15T00:26:30.247Z,SOL/USDC,0.02682%,hi=ts=4,tickA=-24778,tickB=-24781,ageA=0.0s,ageB=151.8s
2026-04-15T00:26:30.291Z,SOL/USDC,0.02992%,hi=ts=4,tickA=-24778,tickB=-24781,ageA=0.0s,ageB=151.9s
2026-04-15T00:26:30.369Z,SOL/USDC,0.01357%,hi=ts=4,tickA=-24778,tickB=-24779,ageA=0.1s,ageB=0.0s
2026-04-15T00:26:30.613Z,SOL/USDC,0.01630%,hi=ts=4,tickA=-24778,tickB=-24779,ageA=0.0s,ageB=0.2s
2026-04-15T00:26:30.614Z,SOL/USDC,0.01700%,hi=ts=4,tickA=-24777,tickB=-24779,ageA=0.0s,ageB=0.2s
2026-04-15T00:26:30.619Z,SOL/USDC,0.01770%,hi=ts=4,tickA=-24777,tickB=-24779,ageA=0.0s,ageB=0.3s
2026-04-15T00:26:30.627Z,SOL/USDC,0.01840%,hi=ts=4,tickA=-24777,tickB=-24779,ageA=0.0s,ageB=0.3s
2026-04-15T00:26:30.735Z,SOL/USDC,0.02030%,hi=ts=4,tickA=-24777,tickB=-24779,ageA=0.0s,ageB=0.4s
2026-04-15T00:26:32.153Z,SOL/USDC,0.02199%,hi=ts=4,tickA=-24777,tickB=-24779,ageA=0.0s,ageB=1.8s
2026-04-15T00:26:32.177Z,SOL/USDC,0.02694%,hi=ts=4,tickA=-24776,tickB=-24779,ageA=0.0s,ageB=1.8s
2026-04-15T00:26:32.194Z,SOL/USDC,0.02917%,hi=ts=4,tickA=-24776,tickB=-24779,ageA=0.0s,ageB=1.8s
2026-04-15T00:26:32.195Z,SOL/USDC,0.02987%,hi=ts=4,tickA=-24776,tickB=-24779,ageA=0.0s,ageB=1.8s
2026-04-15T00:26:32.212Z,SOL/USDC,0.03150%,hi=ts=4,tickA=-24776,tickB=-24779,ageA=0.0s,ageB=1.8s
2026-04-15T00:26:32.215Z,SOL/USDC,0.03420%,hi=ts=4,tickA=-24776,tickB=-24779,ageA=0.0s,ageB=1.8s
2026-04-15T00:26:32.288Z,SOL/USDC,0.03490%,hi=ts=4,tickA=-24776,tickB=-24779,ageA=0.0s,ageB=1.9s
2026-04-15T00:26:32.410Z,SOL/USDC,0.02095%,hi=ts=4,tickA=-24776,tickB=-24778,ageA=0.1s,ageB=0.0s
2026-04-15T00:26:38.466Z,SOL/USDC,0.02448%,hi=ts=4,tickA=-24775,tickB=-24778,ageA=0.0s,ageB=6.1s
2026-04-15T00:26:38.467Z,SOL/USDC,0.02801%,hi=ts=4,tickA=-24775,tickB=-24778,ageA=0.0s,ageB=6.1s
2026-04-15T00:26:38.467Z,SOL/USDC,0.03154%,hi=ts=4,tickA=-24775,tickB=-24778,ageA=0.0s,ageB=6.1s
2026-04-15T00:26:39.697Z,SOL/USDC,0.03157%,hi=ts=4,tickA=-24775,tickB=-24778,ageA=0.0s,ageB=7.3s
2026-04-15T00:26:39.935Z,SOL/USDC,0.03093%,hi=ts=4,tickA=-24775,tickB=-24778,ageA=0.2s,ageB=0.0s
2026-04-15T00:26:45.177Z,SOL/USDC,0.02137%,hi=ts=4,tickA=-24775,tickB=-24777,ageA=5.5s,ageB=0.0s
# --- 2026-04-15T00:26:52.108Z | updates: 395 | pools tracked: 2 ---
2026-04-15T00:27:14.781Z,SOL/USDC,0.02135%,hi=ts=4,tickA=-24775,tickB=-24777,ageA=35.1s,ageB=0.0s
2026-04-15T00:27:14.782Z,SOL/USDC,0.02134%,hi=ts=4,tickA=-24775,tickB=-24777,ageA=35.1s,ageB=0.0s
2026-04-15T00:27:31.212Z,SOL/USDC,0.01705%,hi=ts=4,tickA=-24775,tickB=-24776,ageA=51.5s,ageB=0.0s
2026-04-15T00:27:40.290Z,SOL/USDC,0.01817%,hi=ts=4,tickA=-24774,tickB=-24776,ageA=0.0s,ageB=9.1s
2026-04-15T00:27:40.504Z,SOL/USDC,0.01887%,hi=ts=4,tickA=-24774,tickB=-24776,ageA=0.0s,ageB=9.3s
2026-04-15T00:27:40.670Z,SOL/USDC,0.02157%,hi=ts=4,tickA=-24774,tickB=-24776,ageA=0.0s,ageB=9.5s
2026-04-15T00:27:42.266Z,SOL/USDC,0.02427%,hi=ts=4,tickA=-24774,tickB=-24776,ageA=0.0s,ageB=11.1s
2026-04-15T00:27:42.522Z,SOL/USDC,0.02787%,hi=ts=4,tickA=-24773,tickB=-24776,ageA=0.0s,ageB=11.3s
2026-04-15T00:27:42.536Z,SOL/USDC,0.02834%,hi=ts=4,tickA=-24773,tickB=-24776,ageA=0.0s,ageB=11.3s
2026-04-15T00:27:42.536Z,SOL/USDC,0.02934%,hi=ts=4,tickA=-24773,tickB=-24776,ageA=0.0s,ageB=11.3s
2026-04-15T00:27:42.577Z,SOL/USDC,0.03640%,hi=ts=4,tickA=-24773,tickB=-24776,ageA=0.0s,ageB=11.4s
2026-04-15T00:27:42.802Z,SOL/USDC,0.02145%,hi=ts=4,tickA=-24773,tickB=-24775,ageA=0.2s,ageB=0.0s
2026-04-15T00:27:45.329Z,SOL/USDC,0.02192%,hi=ts=4,tickA=-24773,tickB=-24775,ageA=0.0s,ageB=2.5s
2026-04-15T00:27:45.329Z,SOL/USDC,0.02240%,hi=ts=4,tickA=-24773,tickB=-24775,ageA=0.0s,ageB=2.5s
2026-04-15T00:27:45.533Z,SOL/USDC,0.02291%,hi=ts=4,tickA=-24772,tickB=-24775,ageA=0.0s,ageB=2.7s
2026-04-15T00:27:45.629Z,SOL/USDC,0.02455%,hi=ts=4,tickA=-24772,tickB=-24775,ageA=0.0s,ageB=2.8s
2026-04-15T00:27:45.701Z,SOL/USDC,0.02490%,hi=ts=4,tickA=-24772,tickB=-24775,ageA=0.0s,ageB=2.9s
2026-04-15T00:27:45.703Z,SOL/USDC,0.02526%,hi=ts=4,tickA=-24772,tickB=-24775,ageA=0.0s,ageB=2.9s
2026-04-15T00:27:45.703Z,SOL/USDC,0.02543%,hi=ts=4,tickA=-24772,tickB=-24775,ageA=0.0s,ageB=2.9s
2026-04-15T00:27:45.824Z,SOL/USDC,0.02573%,hi=ts=4,tickA=-24772,tickB=-24775,ageA=0.0s,ageB=3.0s
2026-04-15T00:27:45.825Z,SOL/USDC,0.02625%,hi=ts=4,tickA=-24772,tickB=-24775,ageA=0.0s,ageB=3.0s
2026-04-15T00:27:46.299Z,SOL/USDC,0.02673%,hi=ts=4,tickA=-24772,tickB=-24775,ageA=0.0s,ageB=3.5s
2026-04-15T00:27:46.299Z,SOL/USDC,0.02703%,hi=ts=4,tickA=-24772,tickB=-24775,ageA=0.0s,ageB=3.5s
2026-04-15T00:27:46.702Z,SOL/USDC,0.01692%,hi=ts=4,tickA=-24772,tickB=-24774,ageA=0.4s,ageB=0.0s
2026-04-15T00:27:46.810Z,SOL/USDC,0.01305%,hi=ts=4,tickA=-24772,tickB=-24773,ageA=0.5s,ageB=0.0s
2026-04-15T00:27:47.350Z,SOL/USDC,0.01551%,hi=ts=4,tickA=-24772,tickB=-24773,ageA=0.0s,ageB=0.5s
# --- 2026-04-15T00:27:52.109Z | updates: 421 | pools tracked: 2 ---

# Stopped. Total updates: 421
